// Vitest Snapshot v1, https://vitest.dev/guide/snapshot.html

exports[`that Maze is instanciated correctly > that html renders correctly 1`] = `"<div><div class="row"><div class="w square" id="s-0-0" data-y="0" data-x="0"><div class="inner-square"></div></div><div class="w square" id="s-0-1" data-y="0" data-x="1"><div class="inner-square"></div></div><div class="w square" id="s-0-2" data-y="0" data-x="2"><div class="inner-square"></div></div><div class="w square" id="s-0-3" data-y="0" data-x="3"><div class="inner-square"></div></div><div class="w square" id="s-0-4" data-y="0" data-x="4"><div class="inner-square"></div></div><div class="w square" id="s-0-5" data-y="0" data-x="5"><div class="inner-square"></div></div><div class="w square" id="s-0-6" data-y="0" data-x="6"><div class="inner-square"></div></div><div class="w square" id="s-0-7" data-y="0" data-x="7"><div class="inner-square"></div></div><div class="w square" id="s-0-8" data-y="0" data-x="8"><div class="inner-square"></div></div><div class="v square" id="s-0-9" data-y="0" data-x="9"><div class="inner-square"></div></div><div class="w square" id="s-0-10" data-y="0" data-x="10"><div class="inner-square"></div></div></div><div class="row"><div class="w square" id="s-1-0" data-y="1" data-x="0"><div class="inner-square"></div></div><div class="v square" id="s-1-1" data-y="1" data-x="1"><div class="inner-square"></div></div><div class="v square" id="s-1-2" data-y="1" data-x="2"><div class="inner-square"></div></div><div class="v square" id="s-1-3" data-y="1" data-x="3"><div class="inner-square"></div></div><div class="v square" id="s-1-4" data-y="1" data-x="4"><div class="inner-square"></div></div><div class="v square" id="s-1-5" data-y="1" data-x="5"><div class="inner-square"></div></div><div class="v square" id="s-1-6" data-y="1" data-x="6"><div class="inner-square"></div></div><div class="v square" id="s-1-7" data-y="1" data-x="7"><div class="inner-square"></div></div><div class="v square" id="s-1-8" data-y="1" data-x="8"><div class="inner-square"></div></div><div class="v square" id="s-1-9" data-y="1" data-x="9"><div class="inner-square"></div></div><div class="w square" id="s-1-10" data-y="1" data-x="10"><div class="inner-square"></div></div></div><div class="row"><div class="w square" id="s-2-0" data-y="2" data-x="0"><div class="inner-square"></div></div><div class="w square" id="s-2-1" data-y="2" data-x="1"><div class="inner-square"></div></div><div class="w square" id="s-2-2" data-y="2" data-x="2"><div class="inner-square"></div></div><div class="w square" id="s-2-3" data-y="2" data-x="3"><div class="inner-square"></div></div><div class="w square" id="s-2-4" data-y="2" data-x="4"><div class="inner-square"></div></div><div class="w square" id="s-2-5" data-y="2" data-x="5"><div class="inner-square"></div></div><div class="w square" id="s-2-6" data-y="2" data-x="6"><div class="inner-square"></div></div><div class="w square" id="s-2-7" data-y="2" data-x="7"><div class="inner-square"></div></div><div class="w square" id="s-2-8" data-y="2" data-x="8"><div class="inner-square"></div></div><div class="v square" id="s-2-9" data-y="2" data-x="9"><div class="inner-square"></div></div><div class="w square" id="s-2-10" data-y="2" data-x="10"><div class="inner-square"></div></div></div><div class="row"><div class="w square" id="s-3-0" data-y="3" data-x="0"><div class="inner-square"></div></div><div class="v square" id="s-3-1" data-y="3" data-x="1"><div class="inner-square"></div></div><div class="v square" id="s-3-2" data-y="3" data-x="2"><div class="inner-square"></div></div><div class="v square" id="s-3-3" data-y="3" data-x="3"><div class="inner-square"></div></div><div class="v square" id="s-3-4" data-y="3" data-x="4"><div class="inner-square"></div></div><div class="v square" id="s-3-5" data-y="3" data-x="5"><div class="inner-square"></div></div><div class="w square" id="s-3-6" data-y="3" data-x="6"><div class="inner-square"></div></div><div class="v square" id="s-3-7" data-y="3" data-x="7"><div class="inner-square"></div></div><div class="v square" id="s-3-8" data-y="3" data-x="8"><div class="inner-square"></div></div><div class="v square" id="s-3-9" data-y="3" data-x="9"><div class="inner-square"></div></div><div class="w square" id="s-3-10" data-y="3" data-x="10"><div class="inner-square"></div></div></div><div class="row"><div class="w square" id="s-4-0" data-y="4" data-x="0"><div class="inner-square"></div></div><div class="w square" id="s-4-1" data-y="4" data-x="1"><div class="inner-square"></div></div><div class="w square" id="s-4-2" data-y="4" data-x="2"><div class="inner-square"></div></div><div class="w square" id="s-4-3" data-y="4" data-x="3"><div class="inner-square"></div></div><div class="w square" id="s-4-4" data-y="4" data-x="4"><div class="inner-square"></div></div><div class="v square" id="s-4-5" data-y="4" data-x="5"><div class="inner-square"></div></div><div class="w square" id="s-4-6" data-y="4" data-x="6"><div class="inner-square"></div></div><div class="v square" id="s-4-7" data-y="4" data-x="7"><div class="inner-square"></div></div><div class="w square" id="s-4-8" data-y="4" data-x="8"><div class="inner-square"></div></div><div class="v square" id="s-4-9" data-y="4" data-x="9"><div class="inner-square"></div></div><div class="w square" id="s-4-10" data-y="4" data-x="10"><div class="inner-square"></div></div></div><div class="row"><div class="w square" id="s-5-0" data-y="5" data-x="0"><div class="inner-square"></div></div><div class="v square" id="s-5-1" data-y="5" data-x="1"><div class="inner-square"></div></div><div class="v square" id="s-5-2" data-y="5" data-x="2"><div class="inner-square"></div></div><div class="v square" id="s-5-3" data-y="5" data-x="3"><div class="inner-square"></div></div><div class="v square" id="s-5-4" data-y="5" data-x="4"><div class="inner-square"></div></div><div class="v square" id="s-5-5" data-y="5" data-x="5"><div class="inner-square"></div></div><div class="w square" id="s-5-6" data-y="5" data-x="6"><div class="inner-square"></div></div><div class="v square" id="s-5-7" data-y="5" data-x="7"><div class="inner-square"></div></div><div class="w square" id="s-5-8" data-y="5" data-x="8"><div class="inner-square"></div></div><div class="v square" id="s-5-9" data-y="5" data-x="9"><div class="inner-square"></div></div><div class="w square" id="s-5-10" data-y="5" data-x="10"><div class="inner-square"></div></div></div><div class="row"><div class="w square" id="s-6-0" data-y="6" data-x="0"><div class="inner-square"></div></div><div class="v square" id="s-6-1" data-y="6" data-x="1"><div class="inner-square"></div></div><div class="w square" id="s-6-2" data-y="6" data-x="2"><div class="inner-square"></div></div><div class="w square" id="s-6-3" data-y="6" data-x="3"><div class="inner-square"></div></div><div class="w square" id="s-6-4" data-y="6" data-x="4"><div class="inner-square"></div></div><div class="w square" id="s-6-5" data-y="6" data-x="5"><div class="inner-square"></div></div><div class="w square" id="s-6-6" data-y="6" data-x="6"><div class="inner-square"></div></div><div class="v square" id="s-6-7" data-y="6" data-x="7"><div class="inner-square"></div></div><div class="w square" id="s-6-8" data-y="6" data-x="8"><div class="inner-square"></div></div><div class="v square" id="s-6-9" data-y="6" data-x="9"><div class="inner-square"></div></div><div class="w square" id="s-6-10" data-y="6" data-x="10"><div class="inner-square"></div></div></div><div class="row"><div class="w square" id="s-7-0" data-y="7" data-x="0"><div class="inner-square"></div></div><div class="v square" id="s-7-1" data-y="7" data-x="1"><div class="inner-square"></div></div><div class="w square" id="s-7-2" data-y="7" data-x="2"><div class="inner-square"></div></div><div class="v square" id="s-7-3" data-y="7" data-x="3"><div class="inner-square"></div></div><div class="v square" id="s-7-4" data-y="7" data-x="4"><div class="inner-square"></div></div><div class="v square" id="s-7-5" data-y="7" data-x="5"><div class="inner-square"></div></div><div class="v square" id="s-7-6" data-y="7" data-x="6"><div class="inner-square"></div></div><div class="v square" id="s-7-7" data-y="7" data-x="7"><div class="inner-square"></div></div><div class="w square" id="s-7-8" data-y="7" data-x="8"><div class="inner-square"></div></div><div class="v square" id="s-7-9" data-y="7" data-x="9"><div class="inner-square"></div></div><div class="w square" id="s-7-10" data-y="7" data-x="10"><div class="inner-square"></div></div></div><div class="row"><div class="w square" id="s-8-0" data-y="8" data-x="0"><div class="inner-square"></div></div><div class="v square" id="s-8-1" data-y="8" data-x="1"><div class="inner-square"></div></div><div class="w square" id="s-8-2" data-y="8" data-x="2"><div class="inner-square"></div></div><div class="w square" id="s-8-3" data-y="8" data-x="3"><div class="inner-square"></div></div><div class="w square" id="s-8-4" data-y="8" data-x="4"><div class="inner-square"></div></div><div class="w square" id="s-8-5" data-y="8" data-x="5"><div class="inner-square"></div></div><div class="w square" id="s-8-6" data-y="8" data-x="6"><div class="inner-square"></div></div><div class="v square" id="s-8-7" data-y="8" data-x="7"><div class="inner-square"></div></div><div class="w square" id="s-8-8" data-y="8" data-x="8"><div class="inner-square"></div></div><div class="v square" id="s-8-9" data-y="8" data-x="9"><div class="inner-square"></div></div><div class="w square" id="s-8-10" data-y="8" data-x="10"><div class="inner-square"></div></div></div><div class="row"><div class="w square" id="s-9-0" data-y="9" data-x="0"><div class="inner-square"></div></div><div class="v square" id="s-9-1" data-y="9" data-x="1"><div class="inner-square"></div></div><div class="v square" id="s-9-2" data-y="9" data-x="2"><div class="inner-square"></div></div><div class="v square" id="s-9-3" data-y="9" data-x="3"><div class="inner-square"></div></div><div class="v square" id="s-9-4" data-y="9" data-x="4"><div class="inner-square"></div></div><div class="v square" id="s-9-5" data-y="9" data-x="5"><div class="inner-square"></div></div><div class="v square" id="s-9-6" data-y="9" data-x="6"><div class="inner-square"></div></div><div class="v square" id="s-9-7" data-y="9" data-x="7"><div class="inner-square"></div></div><div class="w square" id="s-9-8" data-y="9" data-x="8"><div class="inner-square"></div></div><div class="v square" id="s-9-9" data-y="9" data-x="9"><div class="inner-square"></div></div><div class="w square" id="s-9-10" data-y="9" data-x="10"><div class="inner-square"></div></div></div><div class="row"><div class="w square" id="s-10-0" data-y="10" data-x="0"><div class="inner-square"></div></div><div class="v square" id="s-10-1" data-y="10" data-x="1"><div class="inner-square"></div></div><div class="w square" id="s-10-2" data-y="10" data-x="2"><div class="inner-square"></div></div><div class="w square" id="s-10-3" data-y="10" data-x="3"><div class="inner-square"></div></div><div class="w square" id="s-10-4" data-y="10" data-x="4"><div class="inner-square"></div></div><div class="w square" id="s-10-5" data-y="10" data-x="5"><div class="inner-square"></div></div><div class="w square" id="s-10-6" data-y="10" data-x="6"><div class="inner-square"></div></div><div class="w square" id="s-10-7" data-y="10" data-x="7"><div class="inner-square"></div></div><div class="w square" id="s-10-8" data-y="10" data-x="8"><div class="inner-square"></div></div><div class="w square" id="s-10-9" data-y="10" data-x="9"><div class="inner-square"></div></div><div class="w square" id="s-10-10" data-y="10" data-x="10"><div class="inner-square"></div></div></div></div>"`;
